[INFO] Scanning for projects...
[INFO] 
[INFO] -----------------------< com.rideshare:backend >------------------------
[INFO] Building backend 0.0.1-SNAPSHOT
[INFO]   from pom.xml
[INFO] --------------------------------[ jar ]---------------------------------
[INFO] 
[INFO] --- resources:3.3.1:resources (default-resources) @ backend ---
[INFO] Copying 1 resource from src\main\resources to target\classes
[INFO] Copying 0 resource from src\main\resources to target\classes
[INFO] 
[INFO] --- compiler:3.11.0:compile (default-compile) @ backend ---
[INFO] Changes detected - recompiling the module! :source
[INFO] Compiling 36 source files with javac [debug release 17] to target\classes
[INFO] -------------------------------------------------------------
[ERROR] COMPILATION ERROR : 
[INFO] -------------------------------------------------------------
[ERROR] /C:/Users/123sr/Downloads/RideWithMe-v1-main/backend/src/main/java/com/rideshare/security/JwtAuthenticationFilter.java:[96,29] cannot find symbol
  symbol:   class Role
  location: class com.rideshare.security.JwtAuthenticationFilter
[ERROR] /C:/Users/123sr/Downloads/RideWithMe-v1-main/backend/src/main/java/com/rideshare/security/JwtAuthenticationFilter.java:[96,41] cannot find symbol
  symbol:   variable Role
  location: class com.rideshare.security.JwtAuthenticationFilter
[ERROR] /C:/Users/123sr/Downloads/RideWithMe-v1-main/backend/src/main/java/com/rideshare/security/JwtAuthenticationFilter.java:[97,54] cannot find symbol
  symbol:   variable Role
  location: class com.rideshare.security.JwtAuthenticationFilter
[ERROR] /C:/Users/123sr/Downloads/RideWithMe-v1-main/backend/src/main/java/com/rideshare/security/JwtAuthenticationFilter.java:[105,68] package net.minidev.json does not exist
[ERROR] /C:/Users/123sr/Downloads/RideWithMe-v1-main/backend/src/main/java/com/rideshare/security/JwtAuthenticationFilter.java:[147,52] package net.minidev.json does not exist
[ERROR] /C:/Users/123sr/Downloads/RideWithMe-v1-main/backend/src/main/java/com/rideshare/security/JwtAuthenticationFilter.java:[153,53] package net.minidev.json does not exist
[INFO] 6 errors 
[INFO] -------------------------------------------------------------
[INFO] ------------------------------------------------------------------------
[INFO] BUILD FAILURE
[INFO] ------------------------------------------------------------------------
[INFO] Total time:  4.004 s
[INFO] Finished at: 2026-03-03T00:53:52+05:30
[INFO] ------------------------------------------------------------------------
[ERROR] Failed to execute goal org.apache.maven.plugins:maven-compiler-plugin:3.11.0:compile (default-compile) on project backend: Compilation failure: Compilation failure: 
[ERROR] /C:/Users/123sr/Downloads/RideWithMe-v1-main/backend/src/main/java/com/rideshare/security/JwtAuthenticationFilter.java:[96,29] cannot find symbol
[ERROR]   symbol:   class Role
[ERROR]   location: class com.rideshare.security.JwtAuthenticationFilter
[ERROR] /C:/Users/123sr/Downloads/RideWithMe-v1-main/backend/src/main/java/com/rideshare/security/JwtAuthenticationFilter.java:[96,41] cannot find symbol
[ERROR]   symbol:   variable Role
[ERROR]   location: class com.rideshare.security.JwtAuthenticationFilter
[ERROR] /C:/Users/123sr/Downloads/RideWithMe-v1-main/backend/src/main/java/com/rideshare/security/JwtAuthenticationFilter.java:[97,54] cannot find symbol
[ERROR]   symbol:   variable Role
[ERROR]   location: class com.rideshare.security.JwtAuthenticationFilter
[ERROR] /C:/Users/123sr/Downloads/RideWithMe-v1-main/backend/src/main/java/com/rideshare/security/JwtAuthenticationFilter.java:[105,68] package net.minidev.json does not exist
[ERROR] /C:/Users/123sr/Downloads/RideWithMe-v1-main/backend/src/main/java/com/rideshare/security/JwtAuthenticationFilter.java:[147,52] package net.minidev.json does not exist
[ERROR] /C:/Users/123sr/Downloads/RideWithMe-v1-main/backend/src/main/java/com/rideshare/security/JwtAuthenticationFilter.java:[153,53] package net.minidev.json does not exist
[ERROR] -> [Help 1]
[ERROR] 
[ERROR] To see the full stack trace of the errors, re-run Maven with the -e switch.
[ERROR] Re-run Maven using the -X switch to enable full debug logging.
[ERROR] 
[ERROR] For more information about the errors and possible solutions, please read the following articles:
[ERROR] [Help 1] http://cwiki.apache.org/confluence/display/MAVEN/MojoFailureException
